// Jest Snapshot v1, https://goo.gl/fbAQLP

exports[`Home tests renders correctly 1`] = `
<div>
  <div>
    <div>
      <header
        class="header"
      >
        <div
          class="navbar"
        >
          <button
            class="logo"
          />
          <div>
            <a
              class="catLink"
              href="/category/computer-science"
            >
              Computer Science
            </a>
            <a
              class="catLink"
              href="/category/business"
            >
              Business
            </a>
            <a
              class="catLink"
              href="/category/data-science"
            >
              Data Science
            </a>
            <a
              class="catLink"
              href="/category/arts-and-humanities"
            >
              Arts and Humanities
            </a>
            <a
              class="catLink"
              href="/category/physical-science-and-engineering"
            >
              Physical Science and Engineering
            </a>
            <a
              class="catLink"
              href="/category/math-and-logic"
            >
              Math and Logic
            </a>
          </div>
          <div
            class="links"
          >
            <a
              class="barLink"
              href="/log-in"
            >
              Log In
            </a>
            <a
              class="barLink"
              href="/sign-up"
            >
              Sign Up
            </a>
          </div>
        </div>
      </header>
    </div>
    <section
      class="section"
    >
      <div>
        <div
          class="section"
        >
          <ul
            class="container"
          >
            <li
              class="category"
            >
              <a
                href="/category/computer-science"
              >
                <div
                  class="imageBlock"
                >
                  <img
                    alt="Computer Science"
                    class="image"
                    src="computer_science.jpg"
                  />
                </div>
                <h3
                  class="title"
                >
                  Computer Science
                </h3>
              </a>
            </li>
            <li
              class="category"
            >
              <a
                href="/category/business"
              >
                <div
                  class="imageBlock"
                >
                  <img
                    alt="Business"
                    class="image"
                    src="business.jpg"
                  />
                </div>
                <h3
                  class="title"
                >
                  Business
                </h3>
              </a>
            </li>
            <li
              class="category"
            >
              <a
                href="/category/data-science"
              >
                <div
                  class="imageBlock"
                >
                  <img
                    alt="Data Science"
                    class="image"
                    src="data_science.jpg"
                  />
                </div>
                <h3
                  class="title"
                >
                  Data Science
                </h3>
              </a>
            </li>
            <li
              class="category"
            >
              <a
                href="/category/arts-and-humanities"
              >
                <div
                  class="imageBlock"
                >
                  <img
                    alt="Arts and Humanities"
                    class="image"
                    src="arts_and_humanities.jpg"
                  />
                </div>
                <h3
                  class="title"
                >
                  Arts and Humanities
                </h3>
              </a>
            </li>
            <li
              class="category"
            >
              <a
                href="/category/physical-science-and-engineering"
              >
                <div
                  class="imageBlock"
                >
                  <img
                    alt="Physical Science and Engineering"
                    class="image"
                    src="physical_science_and_engineering.jpg"
                  />
                </div>
                <h3
                  class="title"
                >
                  Physical Science and Engineering
                </h3>
              </a>
            </li>
            <li
              class="category"
            >
              <a
                href="/category/math-and-logic"
              >
                <div
                  class="imageBlock"
                >
                  <img
                    alt="Math and Logic"
                    class="image"
                    src="math_and_logic.jpg"
                  />
                </div>
                <h3
                  class="title"
                >
                  Math and Logic
                </h3>
              </a>
            </li>
          </ul>
        </div>
      </div>
    </section>
    <footer
      class="footer"
    >
      <div
        class="links"
      >
        <a
          class="link"
          href="/contact-us"
        >
          <h3>
            Contact Us
          </h3>
        </a>
        <a
          class="link"
          href="/about-us"
        >
          <h3>
            About Us
          </h3>
        </a>
      </div>
    </footer>
  </div>
</div>
`;
