// Jest Snapshot v1, https://goo.gl/fbAQLP

exports[`CategoryListItem tests renders correctly 1`] = `
<div>
  <li
    class="category"
  >
    <a
      href="/category/math-and-logic"
    >
      <div
        class="imageBlock"
      >
        <img
          alt="Math and Logic"
          class="image"
          src="math_and_logic.jpg"
        />
      </div>
      <h3
        class="title"
      >
        Math and Logic
      </h3>
    </a>
  </li>
</div>
`;
